;Created by Kri on 07.03.2013
; Modified from DPPC by TAW (130812)

[ molecule ]
DMPC

[ martini ]
NC3 PO4 GL1 GL2 C1A C2A C3A C1B C2B C3B
;
;NC3-PO4-GL1-C1A-C2A-C3A
;        |
;        GL2-C1B-C2B-C3B

[ mapping ]
gromos  gromos43a1 gromos43a2 gromos45a3 gromos45a4 gromos53a5 gromos53a6 gromos54a7 

[ atoms ]
; Terminal head group (choline)
    1   CN1   NC3
    2   CN2   NC3 
    3   CN3   NC3 
    4   NTM   NC3 
    5    CA   NC3 NC3 PO4
    6    CB   NC3 PO4
; Phosphate group 
    7    OA   PO4 PO4 NC3
    8     P   PO4
    9    OB   PO4
   10    OC   PO4
   11    OD   PO4 PO4 GL1
; Diacylglycerol
   12    CC   GL1 GL1 PO4
   13    CD   GL1 
   14    OE   GL1 GL1 GL1 C1A
   15   C1A   GL1 C1A
   16    OF   
   17   C1B   C1A C1A C1A GL1
   18   C1C   C1A 
   19   C1D   C1A C1A C1A C2A
   20   C1E   C1A C1A C2A 
   21   C1F   C2A C2A C1A
   22   C1G   C2A C2A C2A C1A
   23   C1H   C2A 
   24   C1I   C2A C2A C2A C3A
   25   C1J   C2A C2A C3A
   26   C1K   C3A C2A
   27   C1L   C3A C3A C2A
   28   C1M   C3A C3A C3A C2A
   29   C1N   C3A 
   32    CE   GL2 
   33    OG   GL2 GL2 GL2 C1B
   34   C2A   GL2 C1B
   35    OH   
   36   C2B   C1B C1B C1B GL2
   37   C2C   C1B
   38   C2D   C1B C1B C1B C2B
   39   C2E   C1B C1B C2B
   40   C2F   C2B C2B C1B
   41   C2G   C2B C2B C2B C1B 
   42   C2H   C2B
   43   C2I   C2B C2B C2B C3B
   44   C2J   C2B C2B C3B
   45   C2K   C3B C2B
   46   C2L   C3B C3B C2B 
   47   C2M   C3B C3B C3B C2B 
   48   C2N   C3B  

;;;making a choline group
[out]
CN2 NTM CN1 CA
[chiral]
CN3 NTM CN1 CN2 CA

; Acyl esters
; ===========
; This reconstruction is somewhat complex. Unfortunately
; the Gromos united atom force field does not have
; correct dihedrals for acyl esters and these groups
; have to be built with correct geometry. Only setting
; the C-O-CO-C dihedrals correct is not sufficient, as
; the distortions may be so large that the dihedrals
; are pushed over the barrier. Therefore, the whole
; glycerol group is rebuilt so as to form a buffer.

; Acyl ester 1
; ------------

[ chiral ]
x CD OE CE CC

[ trans ]
OF C1A CD x

[ out ]
OE C1A OF C1B

[ trans ]
C1B C1A OE CD

[ out ]
OF C1A OE C1B

; Acyl ester 2
; ------------

[ out ]
y CE CD OG

[ chiral ]
z CE OG CD y

[ trans ]
OH C2A CE z

[ out ]
OG C2A OH C2B

[ trans ]
C2B C2A OG CE

[ out ]
OH C2A OG C2B
